// Jest Snapshot v1, https://goo.gl/fbAQLP

exports[`invoiceCreated handles stripe updating the credit card 1`] = `
Object {
  "organization": Object {
    "createdAt": 2017-01-01T07:00:00.000Z,
    "creditCard": Object {
      "brand": "Visa",
      "expiry": "12/30",
      "id": "card_124",
      "last4": "1881",
      "number": "4012888888881881",
    },
    "id": 0,
    "name": "The Averagers, Inc.",
    "orgUsers": Array [],
    "periodEnd": 2017-01-31T07:00:00.000Z,
    "periodStart": 2017-01-01T07:00:00.000Z,
    "stripeId": 1,
    "stripeSubscriptionId": 2,
    "updatedAt": 2017-01-01T07:00:00.000Z,
  },
}
`;

exports[`invoiceCreated handles stripe updating the credit card 2`] = `Object {}`;
